MPLINK 4.49, Linker
Linker Map File - Created Mon Oct 01 16:13:35 2018

                                 Section Info
                  Section       Type    Address   Location Size(Bytes)
                ---------  ---------  ---------  ---------  ---------
                   .org_0       code   0x000000    program   0x000002
                   .cinit    romdata   0x000001    program   0x000004
                   .org_1       code   0x000005    program   0x000190
      .config_2007_MAIN.O       code   0x002007    program   0x000002
      .config_2008_MAIN.O       code   0x002008    program   0x000002



                              Program Memory Usage 
                               Start         End      
                           ---------   ---------      
                            0x000000    0x000002      
                            0x000005    0x0000cc      
                            0x002007    0x002008      
            205 out of 4359 program addresses used, program memory utilization is 4%



                              Symbols - Sorted by Name
                     Name    Address   Location    Storage File                     
                ---------  ---------  ---------  --------- ---------                
                  D_Event   0x000094    program     static E:\MPLAB_Workspace\16f88\Seg\main.asm
             EnableTimer1   0x0000ca    program     static E:\MPLAB_Workspace\16f88\Seg\main.asm
                    End_D   0x0000ae    program     static E:\MPLAB_Workspace\16f88\Seg\main.asm
                  Forward   0x0000c2    program     static E:\MPLAB_Workspace\16f88\Seg\main.asm
                   INICIO   0x000005    program     static E:\MPLAB_Workspace\16f88\Seg\main.asm
         InitLineFollower   0x0000b1    program     static E:\MPLAB_Workspace\16f88\Seg\main.asm
                     Left   0x0000b8    program     static E:\MPLAB_Workspace\16f88\Seg\main.asm
                   Left_D   0x0000a4    program     static E:\MPLAB_Workspace\16f88\Seg\main.asm
                     Loop   0x000020    program     static E:\MPLAB_Workspace\16f88\Seg\main.asm
                    Right   0x0000bd    program     static E:\MPLAB_Workspace\16f88\Seg\main.asm
                 S1_Event   0x000034    program     static E:\MPLAB_Workspace\16f88\Seg\main.asm
        S1_S2_S3_S4_Event   0x00008d    program     static E:\MPLAB_Workspace\16f88\Seg\main.asm
              S1_S3_Event   0x00006b    program     static E:\MPLAB_Workspace\16f88\Seg\main.asm
           S1_S3_S4_Event   0x000060    program     static E:\MPLAB_Workspace\16f88\Seg\main.asm
              S1_S4_Event   0x00007c    program     static E:\MPLAB_Workspace\16f88\Seg\main.asm
                 S2_Event   0x00003f    program     static E:\MPLAB_Workspace\16f88\Seg\main.asm
                 S3_Event   0x00004a    program     static E:\MPLAB_Workspace\16f88\Seg\main.asm
                 S4_Event   0x000055    program     static E:\MPLAB_Workspace\16f88\Seg\main.asm
                     Stop   0x0000c7    program     static E:\MPLAB_Workspace\16f88\Seg\main.asm



                              Symbols - Sorted by Address
                     Name    Address   Location    Storage File                     
                ---------  ---------  ---------  --------- ---------                
                   INICIO   0x000005    program     static E:\MPLAB_Workspace\16f88\Seg\main.asm
                     Loop   0x000020    program     static E:\MPLAB_Workspace\16f88\Seg\main.asm
                 S1_Event   0x000034    program     static E:\MPLAB_Workspace\16f88\Seg\main.asm
                 S2_Event   0x00003f    program     static E:\MPLAB_Workspace\16f88\Seg\main.asm
                 S3_Event   0x00004a    program     static E:\MPLAB_Workspace\16f88\Seg\main.asm
                 S4_Event   0x000055    program     static E:\MPLAB_Workspace\16f88\Seg\main.asm
           S1_S3_S4_Event   0x000060    program     static E:\MPLAB_Workspace\16f88\Seg\main.asm
              S1_S3_Event   0x00006b    program     static E:\MPLAB_Workspace\16f88\Seg\main.asm
              S1_S4_Event   0x00007c    program     static E:\MPLAB_Workspace\16f88\Seg\main.asm
        S1_S2_S3_S4_Event   0x00008d    program     static E:\MPLAB_Workspace\16f88\Seg\main.asm
                  D_Event   0x000094    program     static E:\MPLAB_Workspace\16f88\Seg\main.asm
                   Left_D   0x0000a4    program     static E:\MPLAB_Workspace\16f88\Seg\main.asm
                    End_D   0x0000ae    program     static E:\MPLAB_Workspace\16f88\Seg\main.asm
         InitLineFollower   0x0000b1    program     static E:\MPLAB_Workspace\16f88\Seg\main.asm
                     Left   0x0000b8    program     static E:\MPLAB_Workspace\16f88\Seg\main.asm
                    Right   0x0000bd    program     static E:\MPLAB_Workspace\16f88\Seg\main.asm
                  Forward   0x0000c2    program     static E:\MPLAB_Workspace\16f88\Seg\main.asm
                     Stop   0x0000c7    program     static E:\MPLAB_Workspace\16f88\Seg\main.asm
             EnableTimer1   0x0000ca    program     static E:\MPLAB_Workspace\16f88\Seg\main.asm


