MPLINK 4.49, Linker
Linker Map File - Created Mon Apr 30 00:03:23 2018

                                 Section Info
                  Section       Type    Address   Location Size(Bytes)
                ---------  ---------  ---------  ---------  ---------
                   .org_0       code   0x000000    program   0x000002
                   .cinit    romdata   0x000001    program   0x000004
                   .org_1       code   0x000004    program   0x000002
                   .org_2       code   0x000005    program   0x00008c
      .config_2007_MAIN.O       code   0x002007    program   0x000002
      .config_2008_MAIN.O       code   0x002008    program   0x000002



                              Program Memory Usage 
                               Start         End      
                           ---------   ---------      
                            0x000000    0x000002      
                            0x000004    0x00004a      
                            0x002007    0x002008      
            76 out of 8455 program addresses used, program memory utilization is 0%



                              Symbols - Sorted by Name
                     Name    Address   Location    Storage File                     
                ---------  ---------  ---------  --------- ---------                
                    BUCLE   0x000019    program     static E:\MPLAB_Workspac\16f886\test\main.asm
                 EXIT_INT   0x000045    program     static E:\MPLAB_Workspac\16f886\test\main.asm
                   INICIO   0x000005    program     static E:\MPLAB_Workspac\16f886\test\main.asm
                    INTER   0x000034    program     static E:\MPLAB_Workspac\16f886\test\main.asm
                  RB0_INT   0x00003d    program     static E:\MPLAB_Workspac\16f886\test\main.asm
                  TM0_INT   0x00003a    program     static E:\MPLAB_Workspac\16f886\test\main.asm
             _.org_2_0020   0x000020    program     static E:\MPLAB_Workspac\16f886\test\main.asm
             _.org_2_0022   0x000022    program     static E:\MPLAB_Workspac\16f886\test\main.asm
             _.org_2_0024   0x000024    program     static E:\MPLAB_Workspac\16f886\test\main.asm
             _.org_2_002D   0x00002d    program     static E:\MPLAB_Workspac\16f886\test\main.asm
             _.org_2_002F   0x00002f    program     static E:\MPLAB_Workspac\16f886\test\main.asm
             _.org_2_0031   0x000031    program     static E:\MPLAB_Workspac\16f886\test\main.asm
             _.org_2_0040   0x000040    program     static E:\MPLAB_Workspac\16f886\test\main.asm
             _.org_2_0041   0x000041    program     static E:\MPLAB_Workspac\16f886\test\main.asm



                              Symbols - Sorted by Address
                     Name    Address   Location    Storage File                     
                ---------  ---------  ---------  --------- ---------                
                   INICIO   0x000005    program     static E:\MPLAB_Workspac\16f886\test\main.asm
                    BUCLE   0x000019    program     static E:\MPLAB_Workspac\16f886\test\main.asm
             _.org_2_0020   0x000020    program     static E:\MPLAB_Workspac\16f886\test\main.asm
             _.org_2_0022   0x000022    program     static E:\MPLAB_Workspac\16f886\test\main.asm
             _.org_2_0024   0x000024    program     static E:\MPLAB_Workspac\16f886\test\main.asm
             _.org_2_002D   0x00002d    program     static E:\MPLAB_Workspac\16f886\test\main.asm
             _.org_2_002F   0x00002f    program     static E:\MPLAB_Workspac\16f886\test\main.asm
             _.org_2_0031   0x000031    program     static E:\MPLAB_Workspac\16f886\test\main.asm
                    INTER   0x000034    program     static E:\MPLAB_Workspac\16f886\test\main.asm
                  TM0_INT   0x00003a    program     static E:\MPLAB_Workspac\16f886\test\main.asm
                  RB0_INT   0x00003d    program     static E:\MPLAB_Workspac\16f886\test\main.asm
             _.org_2_0040   0x000040    program     static E:\MPLAB_Workspac\16f886\test\main.asm
             _.org_2_0041   0x000041    program     static E:\MPLAB_Workspac\16f886\test\main.asm
                 EXIT_INT   0x000045    program     static E:\MPLAB_Workspac\16f886\test\main.asm


