MPLINK 4.49, Linker
Linker Map File - Created Thu May 03 00:26:44 2018

                                 Section Info
                  Section       Type    Address   Location Size(Bytes)
                ---------  ---------  ---------  ---------  ---------
                   .org_0       code   0x000000    program   0x000002
                   .cinit    romdata   0x000001    program   0x000004
                   .org_1       code   0x000005    program   0x000174
      .config_2007_MAIN.O       code   0x002007    program   0x000002
      .config_2008_MAIN.O       code   0x002008    program   0x000002



                              Program Memory Usage 
                               Start         End      
                           ---------   ---------      
                            0x000000    0x000002      
                            0x000005    0x0000be      
                            0x002007    0x002008      
            191 out of 8455 program addresses used, program memory utilization is 2%



                              Symbols - Sorted by Name
                     Name    Address   Location    Storage File                     
                ---------  ---------  ---------  --------- ---------                
                    BUCLE   0x000018    program     static E:\MPLAB_Workspac\16f886\desplazamiento\main.asm
                    Envia   0x000075    program     static E:\MPLAB_Workspac\16f886\desplazamiento\main.asm
                 EnviaBit   0x000078    program     static E:\MPLAB_Workspac\16f886\desplazamiento\main.asm
                   INICIO   0x000005    program     static E:\MPLAB_Workspac\16f886\desplazamiento\main.asm
             _.org_1_0027   0x000027    program     static E:\MPLAB_Workspac\16f886\desplazamiento\main.asm
             _.org_1_0029   0x000029    program     static E:\MPLAB_Workspac\16f886\desplazamiento\main.asm
             _.org_1_0039   0x000039    program     static E:\MPLAB_Workspac\16f886\desplazamiento\main.asm
             _.org_1_003B   0x00003b    program     static E:\MPLAB_Workspac\16f886\desplazamiento\main.asm
             _.org_1_004B   0x00004b    program     static E:\MPLAB_Workspac\16f886\desplazamiento\main.asm
             _.org_1_004D   0x00004d    program     static E:\MPLAB_Workspac\16f886\desplazamiento\main.asm
             _.org_1_005D   0x00005d    program     static E:\MPLAB_Workspac\16f886\desplazamiento\main.asm
             _.org_1_005F   0x00005f    program     static E:\MPLAB_Workspac\16f886\desplazamiento\main.asm
             _.org_1_0079   0x000079    program     static E:\MPLAB_Workspac\16f886\desplazamiento\main.asm
             _.org_1_007B   0x00007b    program     static E:\MPLAB_Workspac\16f886\desplazamiento\main.asm
             _.org_1_00BB   0x0000bb    program     static E:\MPLAB_Workspac\16f886\desplazamiento\main.asm
             _.org_1_00BD   0x0000bd    program     static E:\MPLAB_Workspac\16f886\desplazamiento\main.asm
                   tabla1   0x000083    program     static E:\MPLAB_Workspac\16f886\desplazamiento\main.asm
                   tabla2   0x00009d    program     static E:\MPLAB_Workspac\16f886\desplazamiento\main.asm
                   tiempo   0x0000b7    program     static E:\MPLAB_Workspac\16f886\desplazamiento\main.asm



                              Symbols - Sorted by Address
                     Name    Address   Location    Storage File                     
                ---------  ---------  ---------  --------- ---------                
                   INICIO   0x000005    program     static E:\MPLAB_Workspac\16f886\desplazamiento\main.asm
                    BUCLE   0x000018    program     static E:\MPLAB_Workspac\16f886\desplazamiento\main.asm
             _.org_1_0027   0x000027    program     static E:\MPLAB_Workspac\16f886\desplazamiento\main.asm
             _.org_1_0029   0x000029    program     static E:\MPLAB_Workspac\16f886\desplazamiento\main.asm
             _.org_1_0039   0x000039    program     static E:\MPLAB_Workspac\16f886\desplazamiento\main.asm
             _.org_1_003B   0x00003b    program     static E:\MPLAB_Workspac\16f886\desplazamiento\main.asm
             _.org_1_004B   0x00004b    program     static E:\MPLAB_Workspac\16f886\desplazamiento\main.asm
             _.org_1_004D   0x00004d    program     static E:\MPLAB_Workspac\16f886\desplazamiento\main.asm
             _.org_1_005D   0x00005d    program     static E:\MPLAB_Workspac\16f886\desplazamiento\main.asm
             _.org_1_005F   0x00005f    program     static E:\MPLAB_Workspac\16f886\desplazamiento\main.asm
                    Envia   0x000075    program     static E:\MPLAB_Workspac\16f886\desplazamiento\main.asm
                 EnviaBit   0x000078    program     static E:\MPLAB_Workspac\16f886\desplazamiento\main.asm
             _.org_1_0079   0x000079    program     static E:\MPLAB_Workspac\16f886\desplazamiento\main.asm
             _.org_1_007B   0x00007b    program     static E:\MPLAB_Workspac\16f886\desplazamiento\main.asm
                   tabla1   0x000083    program     static E:\MPLAB_Workspac\16f886\desplazamiento\main.asm
                   tabla2   0x00009d    program     static E:\MPLAB_Workspac\16f886\desplazamiento\main.asm
                   tiempo   0x0000b7    program     static E:\MPLAB_Workspac\16f886\desplazamiento\main.asm
             _.org_1_00BB   0x0000bb    program     static E:\MPLAB_Workspac\16f886\desplazamiento\main.asm
             _.org_1_00BD   0x0000bd    program     static E:\MPLAB_Workspac\16f886\desplazamiento\main.asm


