MPLINK 5.09, LINKER
Linker Map File - Created Sat Mar 28 10:54:38 2020

                                 Section Info
                  Section       Type    Address   Location Size(Bytes)
                ---------  ---------  ---------  ---------  ---------
                   .org_0       code   0x000000    program   0x000002
                   .cinit    romdata   0x000001    program   0x000004
                   .org_1       code   0x000004    program   0x000002
                   .org_2       code   0x000005    program   0x00009e
.config_2007_BUILD/DEFAULT/PRODUCTION/MAIN.O       code   0x002007    program   0x000002



                              Program Memory Usage 
                               Start         End      
                           ---------   ---------      
                            0x000000    0x000002      
                            0x000004    0x000053      
                            0x002007    0x002007      
            84 out of 4359 program addresses used, program memory utilization is 1%



                              Symbols - Sorted by Name
                     Name    Address   Location    Storage File                     
                ---------  ---------  ---------  --------- ---------                
               Delay_100s   0x000043    program     static R:\DEVELOP\MPLAB\16f88\byRenato.X\main.asm
          InterminableStr   0x000044    program     static R:\DEVELOP\MPLAB\16f88\byRenato.X\main.asm
                   Interr   0x000053    program     static R:\DEVELOP\MPLAB\16f88\byRenato.X\main.asm
             _.org_2_002D   0x00002d    program     static R:\DEVELOP\MPLAB\16f88\byRenato.X\main.asm
             _.org_2_0036   0x000036    program     static R:\DEVELOP\MPLAB\16f88\byRenato.X\main.asm
             _.org_2_003C   0x00003c    program     static R:\DEVELOP\MPLAB\16f88\byRenato.X\main.asm
             _.org_2_003E   0x00003e    program     static R:\DEVELOP\MPLAB\16f88\byRenato.X\main.asm
                     loop   0x000027    program     static R:\DEVELOP\MPLAB\16f88\byRenato.X\main.asm
                    start   0x000005    program     static R:\DEVELOP\MPLAB\16f88\byRenato.X\main.asm



                              Symbols - Sorted by Address
                     Name    Address   Location    Storage File                     
                ---------  ---------  ---------  --------- ---------                
                    start   0x000005    program     static R:\DEVELOP\MPLAB\16f88\byRenato.X\main.asm
                     loop   0x000027    program     static R:\DEVELOP\MPLAB\16f88\byRenato.X\main.asm
             _.org_2_002D   0x00002d    program     static R:\DEVELOP\MPLAB\16f88\byRenato.X\main.asm
             _.org_2_0036   0x000036    program     static R:\DEVELOP\MPLAB\16f88\byRenato.X\main.asm
             _.org_2_003C   0x00003c    program     static R:\DEVELOP\MPLAB\16f88\byRenato.X\main.asm
             _.org_2_003E   0x00003e    program     static R:\DEVELOP\MPLAB\16f88\byRenato.X\main.asm
               Delay_100s   0x000043    program     static R:\DEVELOP\MPLAB\16f88\byRenato.X\main.asm
          InterminableStr   0x000044    program     static R:\DEVELOP\MPLAB\16f88\byRenato.X\main.asm
                   Interr   0x000053    program     static R:\DEVELOP\MPLAB\16f88\byRenato.X\main.asm


