MPLINK 4.49, Linker
Linker Map File - Created Wed Apr 25 21:54:40 2018

                                 Section Info
                  Section       Type    Address   Location Size(Bytes)
                ---------  ---------  ---------  ---------  ---------
                   .org_0       code   0x000000    program   0x000000
                   .org_1       code   0x000000    program   0x000002
                   .org_2       code   0x000004    program   0x000002
                   .org_3       code   0x000005    program   0x00007e
    .config_2007_CLASE3.O       code   0x002007    program   0x000002
    .config_2008_CLASE3.O       code   0x002008    program   0x000002



                              Program Memory Usage 
                               Start         End      
                           ---------   ---------      
                            0x000000    0x000000      
                            0x000004    0x000043      
                            0x002007    0x002008      
            67 out of 4359 program addresses used, program memory utilization is 1%



                              Symbols - Sorted by Name
                     Name    Address   Location    Storage File                     
                ---------  ---------  ---------  --------- ---------                
                    BUCLE   0x000021    program     static S:\Cursos\ED3\ASM\clase 3\clase3.asm
                   INICIO   0x000005    program     static S:\Cursos\ED3\ASM\clase 3\clase3.asm
                    INTER   0x000023    program     static S:\Cursos\ED3\ASM\clase 3\clase3.asm
                    PREG1   0x000036    program     static S:\Cursos\ED3\ASM\clase 3\clase3.asm
                    SALIR   0x00003e    program     static S:\Cursos\ED3\ASM\clase 3\clase3.asm



                              Symbols - Sorted by Address
                     Name    Address   Location    Storage File                     
                ---------  ---------  ---------  --------- ---------                
                   INICIO   0x000005    program     static S:\Cursos\ED3\ASM\clase 3\clase3.asm
                    BUCLE   0x000021    program     static S:\Cursos\ED3\ASM\clase 3\clase3.asm
                    INTER   0x000023    program     static S:\Cursos\ED3\ASM\clase 3\clase3.asm
                    PREG1   0x000036    program     static S:\Cursos\ED3\ASM\clase 3\clase3.asm
                    SALIR   0x00003e    program     static S:\Cursos\ED3\ASM\clase 3\clase3.asm


