MPLINK 4.49, Linker
Linker Map File - Created Sat Apr 28 01:01:31 2018

                                 Section Info
                  Section       Type    Address   Location Size(Bytes)
                ---------  ---------  ---------  ---------  ---------
                   .org_0       code   0x000000    program   0x000002
                   .cinit    romdata   0x000001    program   0x000004
                   .org_1       code   0x000004    program   0x000002
                   .org_2       code   0x000005    program   0x0001fa
.config_2007_INT_RB_TECLADO.O       code   0x002007    program   0x000002
.config_2008_INT_RB_TECLADO.O       code   0x002008    program   0x000002



                              Program Memory Usage 
                               Start         End      
                           ---------   ---------      
                            0x000000    0x000002      
                            0x000004    0x000101      
                            0x002007    0x002008      
            259 out of 4359 program addresses used, program memory utilization is 5%



                              Symbols - Sorted by Name
                     Name    Address   Location    Storage File                     
                ---------  ---------  ---------  --------- ---------                
                    Bucle   0x000020    program     static E:\MPLAB_Workspac\ejem\INT_RB_TECLADO.asm
                   Bucle1   0x00002b    program     static E:\MPLAB_Workspac\ejem\INT_RB_TECLADO.asm
                    Carga   0x00008e    program     static E:\MPLAB_Workspac\ejem\INT_RB_TECLADO.asm
                  Detecta   0x000097    program     static E:\MPLAB_Workspac\ejem\INT_RB_TECLADO.asm
                    Envia   0x0000e2    program     static E:\MPLAB_Workspac\ejem\INT_RB_TECLADO.asm
                 EnviaBit   0x0000e5    program     static E:\MPLAB_Workspac\ejem\INT_RB_TECLADO.asm
                     FILA   0x000067    program     static E:\MPLAB_Workspac\ejem\INT_RB_TECLADO.asm
                   INT_RB   0x00006f    program     static E:\MPLAB_Workspac\ejem\INT_RB_TECLADO.asm
                   Inicio   0x000016    program     static E:\MPLAB_Workspac\ejem\INT_RB_TECLADO.asm
                    Preg1   0x00002d    program     static E:\MPLAB_Workspac\ejem\INT_RB_TECLADO.asm
                  REPEAT1   0x0000f2    program     static E:\MPLAB_Workspac\ejem\INT_RB_TECLADO.asm
                  REPEAT2   0x0000f4    program     static E:\MPLAB_Workspac\ejem\INT_RB_TECLADO.asm
                  REPEAT3   0x0000fd    program     static E:\MPLAB_Workspac\ejem\INT_RB_TECLADO.asm
                  REPEAT4   0x0000fb    program     static E:\MPLAB_Workspac\ejem\INT_RB_TECLADO.asm
                SALIR_INT   0x000092    program     static E:\MPLAB_Workspac\ejem\INT_RB_TECLADO.asm
             _.org_2_0046   0x000046    program     static E:\MPLAB_Workspac\ejem\INT_RB_TECLADO.asm
             _.org_2_004C   0x00004c    program     static E:\MPLAB_Workspac\ejem\INT_RB_TECLADO.asm
             _.org_2_0054   0x000054    program     static E:\MPLAB_Workspac\ejem\INT_RB_TECLADO.asm
             _.org_2_009D   0x00009d    program     static E:\MPLAB_Workspac\ejem\INT_RB_TECLADO.asm
             _.org_2_00A0   0x0000a0    program     static E:\MPLAB_Workspac\ejem\INT_RB_TECLADO.asm
             _.org_2_00AC   0x0000ac    program     static E:\MPLAB_Workspac\ejem\INT_RB_TECLADO.asm
             _.org_2_00AF   0x0000af    program     static E:\MPLAB_Workspac\ejem\INT_RB_TECLADO.asm
             _.org_2_00BB   0x0000bb    program     static E:\MPLAB_Workspac\ejem\INT_RB_TECLADO.asm
             _.org_2_00BE   0x0000be    program     static E:\MPLAB_Workspac\ejem\INT_RB_TECLADO.asm
             _.org_2_00CA   0x0000ca    program     static E:\MPLAB_Workspac\ejem\INT_RB_TECLADO.asm
             _.org_2_00CD   0x0000cd    program     static E:\MPLAB_Workspac\ejem\INT_RB_TECLADO.asm
             _.org_2_00CE   0x0000ce    program     static E:\MPLAB_Workspac\ejem\INT_RB_TECLADO.asm
             _.org_2_00D1   0x0000d1    program     static E:\MPLAB_Workspac\ejem\INT_RB_TECLADO.asm
             _.org_2_00D7   0x0000d7    program     static E:\MPLAB_Workspac\ejem\INT_RB_TECLADO.asm
             _.org_2_00DD   0x0000dd    program     static E:\MPLAB_Workspac\ejem\INT_RB_TECLADO.asm
             _.org_2_00E6   0x0000e6    program     static E:\MPLAB_Workspac\ejem\INT_RB_TECLADO.asm
             _.org_2_00E8   0x0000e8    program     static E:\MPLAB_Workspac\ejem\INT_RB_TECLADO.asm
                    delay   0x0000f0    program     static E:\MPLAB_Workspac\ejem\INT_RB_TECLADO.asm
                       l1   0x0000a4    program     static E:\MPLAB_Workspac\ejem\INT_RB_TECLADO.asm
                       l2   0x0000b3    program     static E:\MPLAB_Workspac\ejem\INT_RB_TECLADO.asm
                       l3   0x0000c2    program     static E:\MPLAB_Workspac\ejem\INT_RB_TECLADO.asm
                       l4   0x0000cf    program     static E:\MPLAB_Workspac\ejem\INT_RB_TECLADO.asm
                  retardo   0x0000f9    program     static E:\MPLAB_Workspac\ejem\INT_RB_TECLADO.asm
                   tabla1   0x000005    program     static E:\MPLAB_Workspac\ejem\INT_RB_TECLADO.asm
                   tabla2   0x000011    program     static E:\MPLAB_Workspac\ejem\INT_RB_TECLADO.asm



                              Symbols - Sorted by Address
                     Name    Address   Location    Storage File                     
                ---------  ---------  ---------  --------- ---------                
                   tabla1   0x000005    program     static E:\MPLAB_Workspac\ejem\INT_RB_TECLADO.asm
                   tabla2   0x000011    program     static E:\MPLAB_Workspac\ejem\INT_RB_TECLADO.asm
                   Inicio   0x000016    program     static E:\MPLAB_Workspac\ejem\INT_RB_TECLADO.asm
                    Bucle   0x000020    program     static E:\MPLAB_Workspac\ejem\INT_RB_TECLADO.asm
                   Bucle1   0x00002b    program     static E:\MPLAB_Workspac\ejem\INT_RB_TECLADO.asm
                    Preg1   0x00002d    program     static E:\MPLAB_Workspac\ejem\INT_RB_TECLADO.asm
             _.org_2_0046   0x000046    program     static E:\MPLAB_Workspac\ejem\INT_RB_TECLADO.asm
             _.org_2_004C   0x00004c    program     static E:\MPLAB_Workspac\ejem\INT_RB_TECLADO.asm
             _.org_2_0054   0x000054    program     static E:\MPLAB_Workspac\ejem\INT_RB_TECLADO.asm
                     FILA   0x000067    program     static E:\MPLAB_Workspac\ejem\INT_RB_TECLADO.asm
                   INT_RB   0x00006f    program     static E:\MPLAB_Workspac\ejem\INT_RB_TECLADO.asm
                    Carga   0x00008e    program     static E:\MPLAB_Workspac\ejem\INT_RB_TECLADO.asm
                SALIR_INT   0x000092    program     static E:\MPLAB_Workspac\ejem\INT_RB_TECLADO.asm
                  Detecta   0x000097    program     static E:\MPLAB_Workspac\ejem\INT_RB_TECLADO.asm
             _.org_2_009D   0x00009d    program     static E:\MPLAB_Workspac\ejem\INT_RB_TECLADO.asm
             _.org_2_00A0   0x0000a0    program     static E:\MPLAB_Workspac\ejem\INT_RB_TECLADO.asm
                       l1   0x0000a4    program     static E:\MPLAB_Workspac\ejem\INT_RB_TECLADO.asm
             _.org_2_00AC   0x0000ac    program     static E:\MPLAB_Workspac\ejem\INT_RB_TECLADO.asm
             _.org_2_00AF   0x0000af    program     static E:\MPLAB_Workspac\ejem\INT_RB_TECLADO.asm
                       l2   0x0000b3    program     static E:\MPLAB_Workspac\ejem\INT_RB_TECLADO.asm
             _.org_2_00BB   0x0000bb    program     static E:\MPLAB_Workspac\ejem\INT_RB_TECLADO.asm
             _.org_2_00BE   0x0000be    program     static E:\MPLAB_Workspac\ejem\INT_RB_TECLADO.asm
                       l3   0x0000c2    program     static E:\MPLAB_Workspac\ejem\INT_RB_TECLADO.asm
             _.org_2_00CA   0x0000ca    program     static E:\MPLAB_Workspac\ejem\INT_RB_TECLADO.asm
             _.org_2_00CD   0x0000cd    program     static E:\MPLAB_Workspac\ejem\INT_RB_TECLADO.asm
             _.org_2_00CE   0x0000ce    program     static E:\MPLAB_Workspac\ejem\INT_RB_TECLADO.asm
                       l4   0x0000cf    program     static E:\MPLAB_Workspac\ejem\INT_RB_TECLADO.asm
             _.org_2_00D1   0x0000d1    program     static E:\MPLAB_Workspac\ejem\INT_RB_TECLADO.asm
             _.org_2_00D7   0x0000d7    program     static E:\MPLAB_Workspac\ejem\INT_RB_TECLADO.asm
             _.org_2_00DD   0x0000dd    program     static E:\MPLAB_Workspac\ejem\INT_RB_TECLADO.asm
                    Envia   0x0000e2    program     static E:\MPLAB_Workspac\ejem\INT_RB_TECLADO.asm
                 EnviaBit   0x0000e5    program     static E:\MPLAB_Workspac\ejem\INT_RB_TECLADO.asm
             _.org_2_00E6   0x0000e6    program     static E:\MPLAB_Workspac\ejem\INT_RB_TECLADO.asm
             _.org_2_00E8   0x0000e8    program     static E:\MPLAB_Workspac\ejem\INT_RB_TECLADO.asm
                    delay   0x0000f0    program     static E:\MPLAB_Workspac\ejem\INT_RB_TECLADO.asm
                  REPEAT1   0x0000f2    program     static E:\MPLAB_Workspac\ejem\INT_RB_TECLADO.asm
                  REPEAT2   0x0000f4    program     static E:\MPLAB_Workspac\ejem\INT_RB_TECLADO.asm
                  retardo   0x0000f9    program     static E:\MPLAB_Workspac\ejem\INT_RB_TECLADO.asm
                  REPEAT4   0x0000fb    program     static E:\MPLAB_Workspac\ejem\INT_RB_TECLADO.asm
                  REPEAT3   0x0000fd    program     static E:\MPLAB_Workspac\ejem\INT_RB_TECLADO.asm


