MPLINK 4.49, Linker
Linker Map File - Created Sat Sep 29 23:07:45 2018

                                 Section Info
                  Section       Type    Address   Location Size(Bytes)
                ---------  ---------  ---------  ---------  ---------
                   .org_0       code   0x000000    program   0x000002
                   .cinit    romdata   0x000001    program   0x000004
                   .org_1       code   0x000005    program   0x0000fa
      .config_2007_MAIN.O       code   0x002007    program   0x000002
      .config_2008_MAIN.O       code   0x002008    program   0x000002



                              Program Memory Usage 
                               Start         End      
                           ---------   ---------      
                            0x000000    0x000002      
                            0x000005    0x000081      
                            0x002007    0x002008      
            130 out of 4359 program addresses used, program memory utilization is 2%



                              Symbols - Sorted by Name
                     Name    Address   Location    Storage File                     
                ---------  ---------  ---------  --------- ---------                
                    Bucle   0x00001f    program     static E:\MPLAB_Workspace\16f88\follower\main.asm
                 Defrente   0x00007a    program     static E:\MPLAB_Workspace\16f88\follower\main.asm
                  Derecha   0x000075    program     static E:\MPLAB_Workspace\16f88\follower\main.asm
             Detener_Caso   0x000062    program     static E:\MPLAB_Workspace\16f88\follower\main.asm
                   INICIO   0x000005    program     static E:\MPLAB_Workspace\16f88\follower\main.asm
         InitLineFollower   0x000069    program     static E:\MPLAB_Workspace\16f88\follower\main.asm
                Izquierda   0x000070    program     static E:\MPLAB_Workspace\16f88\follower\main.asm
                    Parar   0x00007f    program     static E:\MPLAB_Workspace\16f88\follower\main.asm
            _1_2_3_4_Caso   0x00005b    program     static E:\MPLAB_Workspace\16f88\follower\main.asm
              _1_3_4_Caso   0x00003e    program     static E:\MPLAB_Workspace\16f88\follower\main.asm
                _1_3_Caso   0x000045    program     static E:\MPLAB_Workspace\16f88\follower\main.asm
                _1_4_Caso   0x000050    program     static E:\MPLAB_Workspace\16f88\follower\main.asm
                  _1_Caso   0x000022    program     static E:\MPLAB_Workspace\16f88\follower\main.asm
                  _2_Caso   0x000029    program     static E:\MPLAB_Workspace\16f88\follower\main.asm
                  _3_Caso   0x000030    program     static E:\MPLAB_Workspace\16f88\follower\main.asm
                  _4_Caso   0x000037    program     static E:\MPLAB_Workspace\16f88\follower\main.asm



                              Symbols - Sorted by Address
                     Name    Address   Location    Storage File                     
                ---------  ---------  ---------  --------- ---------                
                   INICIO   0x000005    program     static E:\MPLAB_Workspace\16f88\follower\main.asm
                    Bucle   0x00001f    program     static E:\MPLAB_Workspace\16f88\follower\main.asm
                  _1_Caso   0x000022    program     static E:\MPLAB_Workspace\16f88\follower\main.asm
                  _2_Caso   0x000029    program     static E:\MPLAB_Workspace\16f88\follower\main.asm
                  _3_Caso   0x000030    program     static E:\MPLAB_Workspace\16f88\follower\main.asm
                  _4_Caso   0x000037    program     static E:\MPLAB_Workspace\16f88\follower\main.asm
              _1_3_4_Caso   0x00003e    program     static E:\MPLAB_Workspace\16f88\follower\main.asm
                _1_3_Caso   0x000045    program     static E:\MPLAB_Workspace\16f88\follower\main.asm
                _1_4_Caso   0x000050    program     static E:\MPLAB_Workspace\16f88\follower\main.asm
            _1_2_3_4_Caso   0x00005b    program     static E:\MPLAB_Workspace\16f88\follower\main.asm
             Detener_Caso   0x000062    program     static E:\MPLAB_Workspace\16f88\follower\main.asm
         InitLineFollower   0x000069    program     static E:\MPLAB_Workspace\16f88\follower\main.asm
                Izquierda   0x000070    program     static E:\MPLAB_Workspace\16f88\follower\main.asm
                  Derecha   0x000075    program     static E:\MPLAB_Workspace\16f88\follower\main.asm
                 Defrente   0x00007a    program     static E:\MPLAB_Workspace\16f88\follower\main.asm
                    Parar   0x00007f    program     static E:\MPLAB_Workspace\16f88\follower\main.asm


